[    0.000000] Initializing cgroup subsys cpuset
[    0.000000] Initializing cgroup subsys cpu
[    0.000000] Initializing cgroup subsys cpuacct
[    0.000000] Linux version 4.4.0-131-generic (buildd@lgw01-amd64-015) (gcc version 5.4.0 20160609 (Ubuntu 5.4.0-6ubuntu1~16.04.10) ) #157-Ubuntu SMP Thu Jul 12 15:51:36 UTC 2018 (Ubuntu 4.4.0-131.157-generic 4.4.134)
[    0.000000] Command line: BOOT_IMAGE=/boot/vmlinuz-4.4.0-131-generic root=LABEL=cloudimg-rootfs ro console=tty1 console=ttyS0
[    0.000000] KERNEL supported cpus:
[    0.000000]   Intel GenuineIntel
[    0.000000]   AMD AuthenticAMD
[    0.000000]   Centaur CentaurHauls
[    0.000000] ------------[ cut here ]------------
[    0.000000] WARNING: CPU: 0 PID: 0 at /build/linux-PFxNmB/linux-4.4.0/arch/x86/kernel/fpu/xstate.c:517 fpu__init_system_xstate+0x38a/0x759()
[    0.000000] XSAVE consistency problem, dumping leaves
[    0.000000] Modules linked in:
[    0.000000] CPU: 0 PID: 0 Comm: swapper Not tainted 4.4.0-131-generic #157-Ubuntu
[    0.000000]  0000000000000086 8e0f3f419f168dc0 ffffffff81e03d70 ffffffff81401c43
[    0.000000]  ffffffff81e03db8 ffffffff81caccb0 ffffffff81e03da8 ffffffff810844c2
[    0.000000]  ffffffff81e03e38 ffffffff81e03e3c 0000000000000008 0000000000000100
[    0.000000] Call Trace:
[    0.000000]  [<ffffffff81401c43>] dump_stack+0x63/0x90
[    0.000000]  [<ffffffff810844c2>] warn_slowpath_common+0x82/0xc0
[    0.000000]  [<ffffffff8108455c>] warn_slowpath_fmt+0x5c/0x80
[    0.000000]  [<ffffffff8108007b>] ? xfeature_size+0x59/0x77
[    0.000000]  [<ffffffff81f73294>] fpu__init_system_xstate+0x38a/0x759
[    0.000000]  [<ffffffff81f63120>] ? early_idt_handler_array+0x120/0x120
[    0.000000]  [<ffffffff81f72c22>] fpu__init_system+0x21a/0x330
[    0.000000]  [<ffffffff81f73e29>] early_cpu_init+0x1da/0x1e0
[    0.000000]  [<ffffffff81f73e29>] ? early_cpu_init+0x1da/0x1e0
[    0.000000]  [<ffffffff81f6f171>] setup_arch+0xb4/0xd13
[    0.000000]  [<ffffffff81f63120>] ? early_idt_handler_array+0x120/0x120
[    0.000000]  [<ffffffff81f63c75>] start_kernel+0xe2/0x4a4
[    0.000000]  [<ffffffff81f63120>] ? early_idt_handler_array+0x120/0x120
[    0.000000]  [<ffffffff81f63339>] x86_64_start_reservations+0x2a/0x2c
[    0.000000]  [<ffffffff81f63485>] x86_64_start_kernel+0x14a/0x16d
[    0.000000] ---[ end trace 4d5ff9f2f68c4233 ]---
[    0.000000] CPUID[0d, 00]: eax=00000007 ebx=00000440 ecx=00000440 edx=00000000
[    0.000000] CPUID[0d, 01]: eax=00000000 ebx=000003c0 ecx=00000000 edx=00000000
[    0.000000] CPUID[0d, 02]: eax=00000100 ebx=00000240 ecx=00000000 edx=00000000
[    0.000000] CPUID[0d, 03]: eax=00000000 ebx=00000000 ecx=00000000 edx=00000000
[    0.000000] CPUID[0d, 04]: eax=00000000 ebx=00000000 ecx=00000000 edx=00000000
[    0.000000] CPUID[0d, 05]: eax=00000000 ebx=00000000 ecx=00000000 edx=00000000
[    0.000000] CPUID[0d, 06]: eax=00000000 ebx=00000000 ecx=00000000 edx=00000000
[    0.000000] CPUID[0d, 07]: eax=00000000 ebx=00000000 ecx=00000000 edx=00000000
[    0.000000] CPUID[0d, 08]: eax=00000000 ebx=00000000 ecx=00000000 edx=00000000
[    0.000000] CPUID[0d, 09]: eax=00000000 ebx=00000000 ecx=00000000 edx=00000000
[    0.000000] CPUID[0d, 0a]: eax=00000000 ebx=00000000 ecx=00000000 edx=00000000
[    0.000000] CPUID[0d, 0b]: eax=00000000 ebx=00000000 ecx=00000000 edx=00000000
[    0.000000] CPUID[0d, 0c]: eax=00000000 ebx=00000000 ecx=00000000 edx=00000000
[    0.000000] CPUID[0d, 0d]: eax=00000000 ebx=00000000 ecx=00000000 edx=00000000
[    0.000000] CPUID[0d, 0e]: eax=00000000 ebx=00000000 ecx=00000000 edx=00000000
[    0.000000] CPUID[0d, 0f]: eax=00000000 ebx=00000000 ecx=00000000 edx=00000000
[    0.000000] CPUID[0d, 10]: eax=00000000 ebx=00000000 ecx=00000000 edx=00000000
[    0.000000] CPUID[0d, 11]: eax=00000000 ebx=00000000 ecx=00000000 edx=00000000
[    0.000000] x86/fpu: xstate_offset[2]:  576, xstate_sizes[2]:  256
[    0.000000] x86/fpu: Supporting XSAVE feature 0x01: 'x87 floating point registers'
[    0.000000] x86/fpu: Supporting XSAVE feature 0x02: 'SSE registers'
[    0.000000] x86/fpu: Supporting XSAVE feature 0x04: 'AVX registers'
[    0.000000] x86/fpu: Enabled xstate features 0x7, context size is 1088 bytes, using 'standard' format.
[    0.000000] x86/fpu: Using 'eager' FPU context switches.
[    0.000000] e820: BIOS-provided physical RAM map:
[    0.000000] BIOS-e820: [mem 0x0000000000000000-0x000000000009fbff] usable
[    0.000000] BIOS-e820: [mem 0x000000000009fc00-0x000000000009ffff] reserved
[    0.000000] BIOS-e820: [mem 0x00000000000f0000-0x00000000000fffff] reserved
[    0.000000] BIOS-e820: [mem 0x0000000000100000-0x000000003ffeffff] usable
[    0.000000] BIOS-e820: [mem 0x000000003fff0000-0x000000003fffffff] ACPI data
[    0.000000] BIOS-e820: [mem 0x00000000fec00000-0x00000000fec00fff] reserved
[    0.000000] BIOS-e820: [mem 0x00000000fee00000-0x00000000fee00fff] reserved
[    0.000000] BIOS-e820: [mem 0x00000000fffc0000-0x00000000ffffffff] reserved
[    0.000000] NX (Execute Disable) protection: active
[    0.000000] SMBIOS 2.5 present.
[    0.000000] Hypervisor detected: KVM
[    0.000000] e820: last_pfn = 0x3fff0 max_arch_pfn = 0x400000000
[    0.000000] MTRR: Disabled
[    0.000000] x86/PAT: MTRRs disabled, skipping PAT initialization too.
[    0.000000] CPU MTRRs all blank - virtualized system.
[    0.000000] x86/PAT: Configuration [0-7]: WB  WT  UC- UC  WB  WT  UC- UC  
[    0.000000] found SMP MP-table at [mem 0x0009fff0-0x0009ffff] mapped at [ffff88000009fff0]
[    0.000000] Scanning 1 areas for low memory corruption
[    0.000000] RAMDISK: [mem 0x3630c000-0x3717dfff]
[    0.000000] ACPI: Early table checksum verification disabled
[    0.000000] ACPI: RSDP 0x00000000000E0000 000024 (v02 VBOX  )
[    0.000000] ACPI: XSDT 0x000000003FFF0030 00003C (v01 VBOX   VBOXXSDT 00000001 ASL  00000061)
[    0.000000] ACPI: FACP 0x000000003FFF00F0 0000F4 (v04 VBOX   VBOXFACP 00000001 ASL  00000061)
[    0.000000] ACPI: DSDT 0x000000003FFF0470 0021FF (v02 VBOX   VBOXBIOS 00000002 INTL 20160108)
[    0.000000] ACPI: FACS 0x000000003FFF0200 000040
[    0.000000] ACPI: FACS 0x000000003FFF0200 000040
[    0.000000] ACPI: APIC 0x000000003FFF0240 00005C (v02 VBOX   VBOXAPIC 00000001 ASL  00000061)
[    0.000000] ACPI: SSDT 0x000000003FFF02A0 0001CC (v01 VBOX   VBOXCPUT 00000002 INTL 20160108)
[    0.000000] No NUMA configuration found
[    0.000000] Faking a node at [mem 0x0000000000000000-0x000000003ffeffff]
[    0.000000] NODE_DATA(0) allocated [mem 0x3ffeb000-0x3ffeffff]
[    0.000000] kvm-clock: Using msrs 4b564d01 and 4b564d00
[    0.000000] kvm-clock: cpu 0, msr 0:3ffe3001, primary cpu clock
[    0.000000] kvm-clock: using sched offset of 3913152288 cycles
[    0.000000] clocksource: kvm-clock: mask: 0xffffffffffffffff max_cycles: 0x1cd42e4dffb, max_idle_ns: 881590591483 ns
[    0.000000] Zone ranges:
[    0.000000]   DMA      [mem 0x0000000000001000-0x0000000000ffffff]
[    0.000000]   DMA32    [mem 0x0000000001000000-0x000000003ffeffff]
[    0.000000]   Normal   empty
[    0.000000]   Device   empty
[    0.000000] Movable zone start for each node
[    0.000000] Early memory node ranges
[    0.000000]   node   0: [mem 0x0000000000001000-0x000000000009efff]
[    0.000000]   node   0: [mem 0x0000000000100000-0x000000003ffeffff]
[    0.000000] Initmem setup node 0 [mem 0x0000000000001000-0x000000003ffeffff]
[    0.000000] ACPI: PM-Timer IO Port: 0x4008
[    0.000000] IOAPIC[0]: apic_id 2, version 32, address 0xfec00000, GSI 0-23
[    0.000000] ACPI: INT_SRC_OVR (bus 0 bus_irq 0 global_irq 2 dfl dfl)
[    0.000000] ACPI: INT_SRC_OVR (bus 0 bus_irq 9 global_irq 9 high level)
[    0.000000] Using ACPI (MADT) for SMP configuration information
[    0.000000] smpboot: Allowing 2 CPUs, 0 hotplug CPUs
[    0.000000] PM: Registered nosave memory: [mem 0x00000000-0x00000fff]
[    0.000000] PM: Registered nosave memory: [mem 0x0009f000-0x0009ffff]
[    0.000000] PM: Registered nosave memory: [mem 0x000a0000-0x000effff]
[    0.000000] PM: Registered nosave memory: [mem 0x000f0000-0x000fffff]
[    0.000000] e820: [mem 0x40000000-0xfebfffff] available for PCI devices
[    0.000000] Booting paravirtualized kernel on KVM
[    0.000000] clocksource: refined-jiffies: mask: 0xffffffff max_cycles: 0xffffffff, max_idle_ns: 7645519600211568 ns
[    0.000000] setup_percpu: NR_CPUS:512 nr_cpumask_bits:512 nr_cpu_ids:2 nr_node_ids:1
[    0.000000] PERCPU: Embedded 34 pages/cpu @ffff88003fc00000 s99544 r8192 d31528 u1048576
[    0.000000] PV qspinlock hash table entries: 256 (order: 0, 4096 bytes)
[    0.000000] Built 1 zonelists in Node order, mobility grouping on.  Total pages: 257912
[    0.000000] Policy zone: DMA32
[    0.000000] Kernel command line: BOOT_IMAGE=/boot/vmlinuz-4.4.0-131-generic root=LABEL=cloudimg-rootfs ro console=tty1 console=ttyS0
[    0.000000] PID hash table entries: 4096 (order: 3, 32768 bytes)
[    0.000000] Memory: 997724K/1048120K available (8546K kernel code, 1313K rwdata, 4000K rodata, 1516K init, 1316K bss, 50396K reserved, 0K cma-reserved)
[    0.000000] SLUB: HWalign=64, Order=0-3, MinObjects=0, CPUs=2, Nodes=1
[    0.000000] Kernel/User page tables isolation: enabled
[    0.000000] Hierarchical RCU implementation.
[    0.000000] 	Build-time adjustment of leaf fanout to 64.
[    0.000000] 	RCU restricting CPUs from NR_CPUS=512 to nr_cpu_ids=2.
[    0.000000] RCU: Adjusting geometry for rcu_fanout_leaf=64, nr_cpu_ids=2
[    0.000000] NR_IRQS:33024 nr_irqs:440 16
[    0.000000] Console: colour VGA+ 80x25
[    0.000000] console [tty1] enabled
[    0.000000] console [ttyS0] enabled
[    0.000000] tsc: Detected 1991.994 MHz processor
[    4.110902] Calibrating delay loop (skipped) preset value.. 3983.98 BogoMIPS (lpj=7967976)
[    4.211617] pid_max: default: 32768 minimum: 301
[    4.246247] ACPI: Core revision 20150930
[    4.285694] ACPI: 2 ACPI AML tables successfully acquired and loaded
[    4.334564] Security Framework initialized
[    4.356712] Yama: becoming mindful.
[    4.358024] AppArmor: AppArmor initialized
[    4.375780] Dentry cache hash table entries: 131072 (order: 8, 1048576 bytes)
[    4.394191] Inode-cache hash table entries: 65536 (order: 7, 524288 bytes)
[    4.422153] Mount-cache hash table entries: 2048 (order: 2, 16384 bytes)
[    4.471664] Mountpoint-cache hash table entries: 2048 (order: 2, 16384 bytes)
[    4.483171] Initializing cgroup subsys io
[    4.498971] Initializing cgroup subsys memory
[    4.507064] Initializing cgroup subsys devices
[    4.563207] Initializing cgroup subsys freezer
[    4.579669] Initializing cgroup subsys net_cls
[    4.598636] Initializing cgroup subsys perf_event
[    4.650886] Initializing cgroup subsys net_prio
[    4.678140] Initializing cgroup subsys hugetlb
[    4.679691] Initializing cgroup subsys pids
[    4.681038] CPU: Physical Processor ID: 0
[    4.718591] CPU: Processor Core ID: 0
[    4.721044] mce: CPU supports 0 MCE banks
[    4.722266] Last level iTLB entries: 4KB 64, 2MB 8, 4MB 8
[    4.772015] Last level dTLB entries: 4KB 64, 2MB 0, 4MB 0, 1GB 4
[    4.810353] Spectre V2 : Mitigation: Full generic retpoline
[    4.884617] Spectre V2 : Speculation control IBPB not-supported IBRS not-supported
[    4.899289] Spectre V2 : Filling RSB on context switch
[    4.981503] Speculative Store Bypass: Vulnerable
[    4.987569] Freeing SMP alternatives memory: 32K
[    5.051920] ftrace: allocating 32245 entries in 126 pages
[    5.202550] smpboot: APIC(0) Converting physical 0 to logical package 0
[    5.283123] smpboot: Max logical packages: 1
[    5.294405] x2apic enabled
[    5.305812] Switched APIC routing to physical x2apic.
[    5.350139] ..TIMER: vector=0x30 apic1=0 pin1=2 apic2=-1 pin2=-1
[    5.561327] smpboot: CPU0: Intel(R) Core(TM) i3-6006U CPU @ 2.00GHz (family: 0x6, model: 0x4e, stepping: 0x3)
[    5.650951] Performance Events: unsupported p6 CPU model 78 no PMU driver, software events only.
[    5.693604] KVM setup paravirtual spinlock
[    5.753210] x86: Booting SMP configuration:
[    5.766867] .... node  #0, CPUs:      #1
[    5.814574] kvm-clock: cpu 1, msr 0:3ffe3041, secondary cpu clock
[    5.826691] mce: CPU supports 0 MCE banks
[    5.835000] x86: Booted up 1 node, 2 CPUs
[    5.839928] smpboot: Total of 2 processors activated (7967.97 BogoMIPS)
[    5.857084] devtmpfs: initialized
[    5.865272] evm: security.selinux
[    5.870623] evm: security.SMACK64
[    5.871960] evm: security.SMACK64EXEC
[    5.877111] evm: security.SMACK64TRANSMUTE
[    5.878556] evm: security.SMACK64MMAP
[    5.880912] evm: security.ima
[    5.900161] evm: security.capability
[    5.912618] clocksource: jiffies: mask: 0xffffffff max_cycles: 0xffffffff, max_idle_ns: 7645041785100000 ns
[    5.937377] futex hash table entries: 512 (order: 3, 32768 bytes)
[    5.943468] pinctrl core: initialized pinctrl subsystem
[    5.947229] RTC time: 17:23:25, date: 08/09/18
[    5.951560] NET: Registered protocol family 16
[    5.994240] cpuidle: using governor ladder
[    6.025597] cpuidle: using governor menu
[    6.042301] PCCT header not found.
[    6.071989] ACPI: bus type PCI registered
[    6.078667] acpiphp: ACPI Hot Plug PCI Controller Driver version: 0.5
[    6.088979] PCI: Using configuration type 1 for base access
[    6.111362] ACPI: Added _OSI(Module Device)
[    6.118196] ACPI: Added _OSI(Processor Device)
[    6.119770] ACPI: Added _OSI(3.0 _SCP Extensions)
[    6.121359] ACPI: Added _OSI(Processor Aggregator Device)
[    6.124438] ACPI: Executed 1 blocks of module-level executable AML code
[    6.201226] ACPI: Interpreter enabled
[    6.204702] ACPI: (supports S0 S5)
[    6.216589] ACPI: Using IOAPIC for interrupt routing
[    6.256922] PCI: Using host bridge windows from ACPI; if necessary, use "pci=nocrs" and report a bug
[    6.315997] ACPI: PCI Root Bridge [PCI0] (domain 0000 [bus 00-ff])
[    6.360798] acpi PNP0A03:00: _OSC: OS supports [ASPM ClockPM Segments MSI]
[    6.436255] acpi PNP0A03:00: _OSC: not requesting OS control; OS requires [ExtendedConfig ASPM ClockPM MSI]
[    6.493461] acpi PNP0A03:00: fail to add MMCONFIG information, can't access extended PCI configuration space under this bridge.
[    6.662559] PCI host bridge to bus 0000:00
[    6.706850] pci_bus 0000:00: root bus resource [io  0x0000-0x0cf7 window]
[    6.762135] pci_bus 0000:00: root bus resource [io  0x0d00-0xffff window]
[    6.832440] pci_bus 0000:00: root bus resource [mem 0x000a0000-0x000bffff window]
[    6.911510] pci_bus 0000:00: root bus resource [mem 0x40000000-0xffdfffff window]
[    6.962140] pci_bus 0000:00: root bus resource [bus 00-ff]
[    6.998859] pci 0000:00:01.1: legacy IDE quirk: reg 0x10: [io  0x01f0-0x01f7]
[    7.009650] pci 0000:00:01.1: legacy IDE quirk: reg 0x14: [io  0x03f6]
[    7.042248] pci 0000:00:01.1: legacy IDE quirk: reg 0x18: [io  0x0170-0x0177]
[    7.078074] pci 0000:00:01.1: legacy IDE quirk: reg 0x1c: [io  0x0376]
[    7.140583] pci 0000:00:07.0: quirk: [io  0x4000-0x403f] claimed by PIIX4 ACPI
[    7.145609] pci 0000:00:07.0: quirk: [io  0x4100-0x410f] claimed by PIIX4 SMB
[    7.160084] ACPI: PCI Interrupt Link [LNKA] (IRQs 5 9 10 *11)
[    7.183185] ACPI: PCI Interrupt Link [LNKB] (IRQs 5 9 10 *11)
[    7.191994] ACPI: PCI Interrupt Link [LNKC] (IRQs 5 9 *10 11)
[    7.202380] ACPI: PCI Interrupt Link [LNKD] (IRQs 5 *9 10 11)
[    7.228294] ACPI: Enabled 2 GPEs in block 00 to 07
[    7.259791] vgaarb: setting as boot device: PCI:0000:00:02.0
[    7.261231] vgaarb: device added: PCI:0000:00:02.0,decodes=io+mem,owns=io+mem,locks=none
[    7.268756] vgaarb: loaded
[    7.269640] vgaarb: bridge control possible 0000:00:02.0
[    7.271405] SCSI subsystem initialized
[    7.279972] ACPI: bus type USB registered
[    7.283864] usbcore: registered new interface driver usbfs
[    7.290983] usbcore: registered new interface driver hub
[    7.296338] usbcore: registered new device driver usb
[    7.301570] PCI: Using ACPI for IRQ routing
[    7.304666] NetLabel: Initializing
[    7.305915] NetLabel:  domain hash size = 128
[    7.307410] NetLabel:  protocols = UNLABELED CIPSOv4
[    7.359283] NetLabel:  unlabeled traffic allowed by default
[    7.434261] amd_nb: Cannot enumerate AMD northbridges
[    7.483597] clocksource: Switched to clocksource kvm-clock
[    7.541244] AppArmor: AppArmor Filesystem Enabled
[    7.584455] pnp: PnP ACPI init
[    7.591742] pnp: PnP ACPI: found 3 devices
[    7.636193] clocksource: acpi_pm: mask: 0xffffff max_cycles: 0xffffff, max_idle_ns: 2085701024 ns
[    7.668963] NET: Registered protocol family 2
[    7.670436] TCP established hash table entries: 8192 (order: 4, 65536 bytes)
[    7.690092] TCP bind hash table entries: 8192 (order: 5, 131072 bytes)
[    7.738660] TCP: Hash tables configured (established 8192 bind 8192)
[    7.871978] UDP hash table entries: 512 (order: 2, 16384 bytes)
[    7.901507] UDP-Lite hash table entries: 512 (order: 2, 16384 bytes)
[    7.986424] NET: Registered protocol family 1
[    8.029130] pci 0000:00:00.0: Limiting direct PCI/PCI transfers
[    8.038942] pci 0000:00:01.0: Activating ISA DMA hang workarounds
[    8.055582] Unpacking initramfs...
[    8.456485] Freeing initrd memory: 14792K
[    8.465793] platform rtc_cmos: registered platform RTC device (no PNP device found)
[    8.486783] Scanning for low memory corruption every 60 seconds
[    8.518957] audit: initializing netlink subsys (disabled)
[    8.523491] audit: type=2000 audit(1533835407.156:1): initialized
[    8.525471] Initialise system trusted keyring
[    8.590710] HugeTLB registered 2 MB page size, pre-allocated 0 pages
[    8.700752] zbud: loaded
[    8.729224] VFS: Disk quotas dquot_6.6.0
[    8.730298] VFS: Dquot-cache hash table entries: 512 (order 0, 4096 bytes)
[    8.765549] squashfs: version 4.0 (2009/01/31) Phillip Lougher
[    8.767912] fuse init (API version 7.23)
[    8.769534] Key type big_key registered
[    8.771162] Allocating IMA MOK and blacklist keyrings.
[    8.775748] Key type asymmetric registered
[    8.834055] Asymmetric key parser 'x509' registered
[    8.839219] Block layer SCSI generic (bsg) driver version 0.4 loaded (major 249)
[    8.872064] io scheduler noop registered
[    8.959514] io scheduler deadline registered (default)
[    8.993785] io scheduler cfq registered
[    8.999269] pci_hotplug: PCI Hot Plug PCI Core version: 0.5
[    9.029410] pciehp: PCI Express Hot Plug Controller Driver version: 0.4
[    9.065447] ACPI: AC Adapter [AC] (on-line)
[    9.096485] input: Power Button as /devices/LNXSYSTM:00/LNXPWRBN:00/input/input0
[    9.099326] ACPI: Power Button [PWRF]
[    9.100912] input: Sleep Button as /devices/LNXSYSTM:00/LNXSLPBN:00/input/input1
[    9.103586] ACPI: Sleep Button [SLPF]
[    9.105357] GHES: HEST is not enabled!
[    9.117930] ACPI: Battery Slot [BAT0] (battery present)
[    9.135858] Serial: 8250/16550 driver, 32 ports, IRQ sharing enabled
[    9.181294] 00:02: ttyS0 at I/O 0x3f8 (irq = 4, base_baud = 115200) is a 16550A
[    9.197716] Linux agpgart interface v0.103
[    9.201834] loop: module loaded
[    9.225951] scsi host0: ata_piix
[    9.229145] scsi host1: ata_piix
[    9.241253] ata1: PATA max UDMA/33 cmd 0x1f0 ctl 0x3f6 bmdma 0xd000 irq 14
[    9.245160] ata2: PATA max UDMA/33 cmd 0x170 ctl 0x376 bmdma 0xd008 irq 15
[    9.311477] libphy: Fixed MDIO Bus: probed
[    9.322347] tun: Universal TUN/TAP device driver, 1.6
[    9.324097] tun: (C) 1999-2004 Max Krasnyansky <maxk@qualcomm.com>
[    9.326132] PPP generic driver version 2.4.2
[    9.328065] ehci_hcd: USB 2.0 'Enhanced' Host Controller (EHCI) Driver
[    9.340531] ehci-pci: EHCI PCI platform driver
[    9.357592] ehci-platform: EHCI generic platform driver
[    9.385158] ohci_hcd: USB 1.1 'Open' Host Controller (OHCI) Driver
[    9.397681] ohci-pci: OHCI PCI platform driver
[    9.399070] ohci-platform: OHCI generic platform driver
[    9.401705] uhci_hcd: USB Universal Host Controller Interface driver
[    9.413606] i8042: PNP: PS/2 Controller [PNP0303:PS2K,PNP0f03:PS2M] at 0x60,0x64 irq 1,12
[    9.451719] serio: i8042 KBD port at 0x60,0x64 irq 1
[    9.465246] tsc: Refined TSC clocksource calibration: 1992.634 MHz
[    9.467234] clocksource: tsc: mask: 0xffffffffffffffff max_cycles: 0x39720007356, max_idle_ns: 881590823969 ns
[    9.489330] serio: i8042 AUX port at 0x60,0x64 irq 12
[    9.496766] mousedev: PS/2 mouse device common for all mice
[    9.504656] rtc_cmos rtc_cmos: rtc core: registered rtc_cmos as rtc0
[    9.513536] rtc_cmos rtc_cmos: alarms up to one day, 114 bytes nvram
[    9.528433] i2c /dev entries driver
[    9.551297] device-mapper: uevent: version 1.0.3
[    9.551369] input: AT Translated Set 2 keyboard as /devices/platform/i8042/serio0/input/input2
[    9.659416] device-mapper: ioctl: 4.34.0-ioctl (2015-10-28) initialised: dm-devel@redhat.com
[    9.684429] ledtrig-cpu: registered to indicate activity on CPUs
[    9.741633] NET: Registered protocol family 10
[    9.746351] NET: Registered protocol family 17
[    9.768802] Key type dns_resolver registered
[    9.773244] registered taskstats version 1
[    9.841845] Loading compiled-in X.509 certificates
[    9.874308] Loaded X.509 cert 'Build time autogenerated kernel key: 8f274abdf49cd12572c1533a34d1eafea768213f'
[    9.935807] zswap: loaded using pool lzo/zbud
[   10.026558] Key type trusted registered
[   10.093512] Key type encrypted registered
[   10.187782] AppArmor: AppArmor sha1 policy hashing enabled
[   10.201613] ima: No TPM chip found, activating TPM-bypass!
[   10.363348] ima: Allocated hash algorithm: sha1
[   10.393584] evm: HMAC attrs: 0x1
[   10.396489]   Magic number: 14:314:390
[   10.421469] rtc_cmos rtc_cmos: setting system clock to 2018-08-09 17:23:30 UTC (1533835410)
[   10.440839] BIOS EDD facility v0.16 2004-Jun-25, 0 devices found
[   10.513674] EDD information not available.
[   10.520806] Freeing unused kernel memory: 1516K
[   10.563783] Write protecting the kernel read-only data: 14336k
[   10.605089] Freeing unused kernel memory: 1680K
[   10.606498] Freeing unused kernel memory: 96K
Loading, please wait...
starting version[   10.631953] random: systemd-udevd: uninitialized urandom read (16 bytes read, 7 bits of entropy available)
 229
[   10.632749] random: udevadm: uninitialized urandom read (16 bytes read, 7 bits of entropy available)
[   10.632775] random: udevadm: uninitialized urandom read (16 bytes read, 7 bits of entropy available)
[   10.650697] random: udevadm: uninitialized urandom read (16 bytes read, 7 bits of entropy available)
[   10.650788] random: udevadm: uninitialized urandom read (16 bytes read, 7 bits of entropy available)
[   10.651051] random: udevadm: uninitialized urandom read (16 bytes read, 7 bits of entropy available)
[   10.651145] random: udevadm: uninitialized urandom read (16 bytes read, 7 bits of entropy available)
[   10.651238] random: udevadm: uninitialized urandom read (16 bytes read, 7 bits of entropy available)
[   10.651329] random: udevadm: uninitialized urandom read (16 bytes read, 7 bits of entropy available)
[   10.651413] random: udevadm: uninitialized urandom read (16 bytes read, 7 bits of entropy available)
[   11.162316] Fusion MPT base driver 3.04.20
[   11.248346] Copyright (c) 1999-2008 LSI Corporation
[   11.326138] Fusion MPT SPI Host driver 3.04.20
[   11.349641] mptbase: ioc0: Initiating bringup
[   11.429450] e1000: Intel(R) PRO/1000 Network Driver - version 7.3.21-k8-NAPI
[   11.509143] e1000: Copyright (c) 1999-2006 Intel Corporation.
[   11.616011] ioc0: LSI53C1030 A0: Capabilities={Initiator}
[   11.715643] input: ImExPS/2 Generic Explorer Mouse as /devices/platform/i8042/serio1/input/input5
[   11.716461] AVX version of gcm_enc/dec engaged.
[   11.716462] AES CTR mode by8 optimization enabled
[   12.117884] scsi host2: ioc0: LSI53C1030 A0, FwRev=00000000h, Ports=1, MaxQ=256, IRQ=20
[   12.264526] scsi 2:0:0:0: Direct-Access     VBOX     HARDDISK         1.0  PQ: 0 ANSI: 5
[   12.311243] scsi target2:0:0: Beginning Domain Validation
[   12.383724] scsi target2:0:0: Domain Validation skipping write tests
[   12.387349] scsi target2:0:0: Ending Domain Validation
[   12.434283] scsi target2:0:0: asynchronous
[   12.453434] scsi 2:0:1:0: Direct-Access     VBOX     HARDDISK         1.0  PQ: 0 ANSI: 5
[   12.549097] scsi target2:0:1: Beginning Domain Validation
[   12.555709] scsi target2:0:1: Domain Validation skipping write tests
[   12.572623] scsi target2:0:1: Ending Domain Validation
[   12.574235] scsi target2:0:1: asynchronous
[   12.604085] sd 2:0:0:0: Attached scsi generic sg0 type 0
[   12.604561] sd 2:0:0:0: [sda] 20971520 512-byte logical blocks: (10.7 GB/10.0 GiB)
[   12.614998] sd 2:0:0:0: [sda] Write Protect is off
[   12.626993] sd 2:0:0:0: [sda] Incomplete mode parameter data
[   12.626999] sd 2:0:0:0: [sda] Assuming drive cache: write through
[   12.688089] sd 2:0:1:0: Attached scsi generic sg1 type 0
[   12.688174] sd 2:0:1:0: [sdb] 20480 512-byte logical blocks: (10.5 MB/10.0 MiB)
[   12.688316] sd 2:0:1:0: [sdb] Write Protect is off
[   12.688457] sd 2:0:1:0: [sdb] Incomplete mode parameter data
[   12.688459] sd 2:0:1:0: [sdb] Assuming drive cache: write through
[   12.728523]  sda: sda1
[   12.764335] sd 2:0:0:0: [sda] Attached SCSI disk
[   12.836900] e1000 0000:00:03.0 eth0: (PCI:33MHz:32-bit) 02:17:6d:c2:33:c4
[   12.867741] e1000 0000:00:03.0 eth0: Intel(R) PRO/1000 Network Connection
[   12.943243] e1000 0000:00:03.0 enp0s3: renamed from eth0
[   13.005943] sd 2:0:1:0: [sdb] Attached SCSI disk
Begin: Loading e[   15.395055] md: linear personality registered for level -1
ssential drivers ... [   15.400749] md: multipath personality registered for level -4
[   15.427564] md: raid0 personality registered for level 0
[   15.440974] md: raid1 personality registered for level 1
[   15.532049] raid6: sse2x1   gen()  4497 MB/s
[   15.628616] raid6: sse2x1   xor()  2945 MB/s
[   15.700828] raid6: sse2x2   gen()  5082 MB/s
[   15.795719] raid6: sse2x2   xor()  3267 MB/s
[   15.863725] raid6: sse2x4   gen()  5239 MB/s
[   15.950400] raid6: sse2x4   xor()  4082 MB/s
[   15.973044] raid6: using algorithm sse2x4 gen() 5239 MB/s
[   15.974784] raid6: .... xor() 4082 MB/s, rmw enabled
[   16.013192] raid6: using ssse3x2 recovery algorithm
[   16.016606] xor: automatically using best checksumming function:
[   16.075659]    avx       : 16701.000 MB/sec
[   16.080542] async_tx: api initialized (async)
[   16.113608] md: raid6 personality registered for level 6
[   16.143822] md: raid5 personality registered for level 5
[   16.191583] md: raid4 personality registered for level 4
[   16.208843] md: raid10 personality registered for level 10
done.
Begin: Running /scripts/init-premount ... done.
Begin: Mounting root file system ... Begin: Running /scripts/local-top ... don[   16.293035] Btrfs loaded
e.
Begin: Running /scripts/local-premount ... Scanning for Btrfs filesystems
[   18.653170] random: nonblocking pool is initialized
done.
Warning: fsck not present, so skipping root file system
[   18.732636] EXT4-fs (sda1): mounted filesystem with ordered data mode. Opts: (null)
done.
Begin: Running /scripts/local-bottom ... done.
Begin: Running /scripts/init-bottom ... done.
[   21.107526] systemd[1]: systemd 229 running in system mode. (+PAM +AUDIT +SELINUX +IMA +APPARMOR +SMACK +SYSVINIT +UTMP +LIBCRYPTSETUP +GCRYPT +GNUTLS +ACL +XZ -LZ4 +SECCOMP +BLKID +ELFUTILS +KMOD -IDN)
[   21.138810] systemd[1]: Detected virtualization oracle.
[   21.173888] systemd[1]: Detected architecture x86-64.

Welcome to [1mUbuntu 16.04.5 LTS[0m!

[   21.270459] systemd[1]: Set hostname to <ubuntu-xenial>.
[   22.400059] systemd[1]: Reached target User and Group Name Lookups.
[[0;32m  OK  [0m] Reached target User and Group Name Lookups.
[   22.429730] systemd[1]: Started Forward Password Requests to Wall Directory Watch.
[[0;32m  OK  [0m] Started Forward Password Requests to Wall Directory Watch.
[   22.520399] systemd[1]: Listening on Journal Socket.
[[0;32m  OK  [0m] Listening on Journal Socket.
[   22.555991] systemd[1]: Listening on udev Control Socket.
[[0;32m  OK  [0m] Listening on udev Control Socket.
[   22.592113] systemd[1]: Reached target Swap.
[[0;32m  OK  [0m] Reached target Swap.
[   22.683739] systemd[1]: Listening on Journal Audit Socket.
[[0;32m  OK  [0m] Listening on Journal Audit Socket.
[   22.781587] systemd[1]: Started Trigger resolvconf update for networkd DNS.
[[0;32m  OK  [0m] Started Trigger resolvconf update for networkd DNS.
[   22.807873] systemd[1]: Reached target System Time Synchronized.
[[0;32m  OK  [0m] Reached target System Time Synchronized.
[   22.882230] systemd[1]: Listening on Journal Socket (/dev/log).
[[0;32m  OK  [0m] Listening on Journal Socket (/dev/log).
[   22.987461] systemd[1]: Listening on LVM2 metadata daemon socket.
[[0;32m  OK  [0m] Listening on LVM2 metadata daemon socket.
[   23.090099] systemd[1]: Created slice User and Session Slice.
[[0;32m  OK  [0m] Created slice User and Session Slice.
[   23.204373] systemd[1]: Listening on Device-mapper event daemon FIFOs.
[[0;32m  OK  [0m] Listening on Device-mapper event daemon FIFOs.
[   23.237371] systemd[1]: Created slice System Slice.
[[0;32m  OK  [0m] Created slice System Slice.
[   23.387895] systemd[1]: Starting Load Kernel Modules...
         Starting Load Kernel Modules...
[   23.457534] systemd[1]: Mounting Debug File System...
         Mounting Debug File System...
[   23.560049] systemd[1]: Reached target Slices.
[[0;32m  OK  [0m] Reached target Slices.
[   23.595921] systemd[1]: Starting Remount Root and Kernel File Systems...
         Starting Remount[   23.618618] Loading iSCSI transport class v2.0-870.
 Root and Kernel File Systems...
[   23.628572] systemd[1]: Mounting POSIX Message Queue File System...
         Mounting POSIX Message Queue File System...
[   23.695119] iscsi: registered transport (tcp)
[   23.696896] systemd[1]: Starting Monitoring of LVM2 mirrors, snapshots etc. using dmeventd or progress polling...
[   23.713812] EXT4-fs (sda1): re-mounted. Opts: (null)
         Starting Monitoring of LVM2 mirrors... dmeventd or progress polling...
[   23.855560] systemd[1]: Starting Create list of required static device nodes for the current kernel...
         Starting Create list of required st... nodes for the current kernel...
[   23.895962] systemd[1]: Starting Set console keymap...
         Starting Set console keymap...
[   23.945058] systemd[1]: Starting Nameserver information manager...
         Starting Nameserver information manager...
[   24.003764] systemd[1]: Mounting Huge Pages File System...
         Mounting Huge Pages File System...
[   24.053514] systemd[1]: Starting Uncomplicated firewall...
         Starting Uncomplicated firewall...
[   24.074476] systemd[1]: Reached target Encrypted Volumes.
[[0;32m  OK  [0m] Reached target Encrypted Vol[   24.139773] iscsi: registered transport (iser)
umes.
[   24.184009] systemd[1]: Listening on /dev/initctl Compatibility Named Pipe.
[[0;32m  OK  [0m] Listening on /dev/initctl Compatibility Named Pipe.
[   24.235820] systemd[1]: Listening on LVM2 poll daemon socket.
[[0;32m  OK  [0m] Listening on LVM2 poll daemon socket.
[   24.242147] systemd[1]: Created slice system-serial\x2dgetty.slice.
[[0;32m  OK  [0m] Created slice system-serial\x2dgetty.slice.
[   24.292209] systemd[1]: Set up automount Arbitrary Executable File Formats File System Automount Point.
[[0;32m  OK  [0m] Set up automount Arbitrary Executab...ats File System Automount Point.
[   24.349727] systemd[1]: Listening on udev Kernel Socket.
[[0;32m  OK  [0m] Listening on udev Kernel Socket.
[   24.367965] systemd[1]: Listening on Syslog Socket.
[[0;32m  OK  [0m] Listening on Syslog Socket.
[   24.391918] systemd[1]: Starting Journal Service...
         Starting Journal Service...
[   24.410446] systemd[1]: Mounted POSIX Message Queue File System.
[[0;32m  OK  [0m] Mounted POSIX Message Queue File System.
[   24.423459] systemd[1]: Mounted Debug File System.
[[0;32m  OK  [0m] Mounted Debug File System.
[   24.483893] systemd[1]: Mounted Huge Pages File System.
[[0;32m  OK  [0m] Mounted Huge Pages File System.
[   24.532122] systemd[1]: Started Journal Service.
[[0;32m  OK  [0m] Started Journal Service.
[[0;32m  OK  [0m] Started Load Kernel Modules.
[[0;32m  OK  [0m] Started Remount Root and Kernel File Systems.
[[0;32m  OK  [0m] Started Create list of required sta...ce nodes for the current kernel.
[[0;32m  OK  [0m] Started Set console keymap.
[[0;32m  OK  [0m] Started Uncomplicated firewall.
[[0;32m  OK  [0m] Started Nameserver information manager.
[[0;32m  OK  [0m] Started LVM2 metadata daemon.
         Starting Create Static Device Nodes in /dev...
         Starting udev Coldplug all Devices...
         Starting Load/Save Random Seed...
         Starting Apply Kernel Variables...
         Mounting FUSE Control File System...
         Starting Flush Journal to Persistent Storage...
[[0;32m  OK  [0m] Mounted FUSE Control File System.
[[0;32m  OK  [0m] Started udev Coldplug all Devices.
[[0;32m  OK  [0m] Started Load/Save Random Seed.
[   25.710603] systemd-journald[406]: Received request to flush runtime journal from PID 1
[[0;32m  OK  [0m] Started Flush Journal to Persistent Storage.
[[0;32m  OK  [0m] Started Apply Kernel Variables.
[[0;32m  OK  [0m] Started Monitoring of LVM2 mirrors,...ng dmeventd or progress polling.
[[0;32m  OK  [0m] Started Create Static Device Nodes in /dev.
         Starting udev Kernel Device Manager...
[[0;32m  OK  [0m] Started udev Kernel Device Manager.
[[0;32m  OK  [0m] Reached target Local File Systems (Pre).
[[0;32m  OK  [0m] Reached target Local File Systems.
         Starting Set console font and keymap...
         Starting LSB: AppArmor initialization...
         Starting Initial cloud-init job (pre-networking)...
         Starting Tell Plymouth To Write Out Runtime Data...
         Starting Create Volatile Files and Directories...
[[0;32m  OK  [0m] Started Dispatch Password Requests to Console Directory Watch.
[[0;32m  OK  [0m] Found device /dev/ttyS0.
[[0;32m  OK  [0m] Started Tell Plymouth To Write Out Runtime Data.
[[0;32m  OK  [0m] Listening on Load/Save RF Kill Switch Status /dev/rfkill Watch.
[[0;32m  OK  [0m] Found device 82540EM Gigabit Ethern...r (PRO/1000 MT Desktop Adapter).
[[0;32m  OK  [0m] Started Create Volatile Files and Directories.
         Starting Update UTMP about System Boot/Shutdown...
[[0;32m  OK  [0m] Started Update UTMP about System Boot/Shutdown.
[[0;32m  OK  [0m] Started Set console font and keymap.
[[0;32m  OK  [0m] Created slice system-getty.slice.
[[0;32m  OK  [0m] Started LSB: AppArmor initialization.
[   29.023362] cloud-init[480]: Cloud-init v. 18.2 running 'init-local' at Thu, 09 Aug 2018 17:23:53 +0000. Up 26.32 seconds.
[[0;32m  OK  [0m] Started Initial cloud-init job (pre-networking).
[[0;32m  OK  [0m] Reached target Network (Pre).
         Starting Raise network interfaces...
[[0;32m  OK  [0m] Started ifup for enp0s3.
[[0;32m  OK  [0m] Started Raise network interfaces.
[[0;32m  OK  [0m] Reached target Network.
         Starting Initial cloud-init job (metadata service crawler)...
[   31.826185] cloud-init[954]: Cloud-init v. 18.2 running 'init' at Thu, 09 Aug 2018 17:23:57 +0000. Up 30.26 seconds.
[   31.856557] cloud-init[954]: ci-info: +++++++++++++++++++++++++++++++++++++Net device info++++++++++++++++++++++++++++++++++++++
[   31.871360] cloud-init[954]: ci-info: +--------+------+----------------------------+---------------+-------+-------------------+
[   31.928564] cloud-init[954]: ci-info: | Device |  Up  |          Address           |      Mask     | Scope |     Hw-Address    |
[   31.964568] cloud-init[954]: ci-info: +--------+------+----------------------------+---------------+-------+-------------------+
[   31.964956] cloud-init[954]: ci-info: | enp0s3 | True |         10.0.2.15          | 255.255.255.0 |   .   | 02:17:6d:c2:33:c4 |
[[0;32m  OK  [0m] Started Initial cloud-init job (metadata service crawler).
[   31.965209] cloud-init[954]: ci-info: | enp0s3 | True | fe80::17:6dff:fec2:33c4/64 |       .       |  link | 02:17:6d:c2:33:c4 |
[   31.990356] cloud-init[954]: ci-info: |   lo   | True |         127.0.0.1          |   255.0.0.0   |   .   |         .         |
[   32.014273] cloud-init[954]: ci-info: |   lo   | True |          ::1/128           |       .       |  host |         .         |
[   32.014674] cloud-init[954]: ci-info: +--------+------+----------------------------+---------------+-------+-------------------+
[[0;32m  OK  [0m] Reached target Cloud-config availability.
[[   32.014878] cloud-init[954]: ci-info: +++++++++++++++++++++++++++Route IPv4 info++++++++++++++++++++++++++++
[   32.047817] cloud-init[954]: ci-info: +-------+-------------+----------+---------------+-----------+-------+
[0;32m  OK  [0m] Reached target System Initialization.
[   32.047972] cloud-init[954]: ci-info: | Route | Destination | Gateway  |    Genmask    | Interface | Flags |
[   32.148922] cloud-init[954]: ci-info: +-------+-------------+----------+---------------+-----------+-------+
[   32.175894] cloud-init[954]: ci-info: |   0   |   0.0.0.0   | 10.0.2.2 |    0.0.0.0    |   enp0s3  |   UG  |
[   32.176297] cloud-init[954]: ci-info: |   1   |   10.0.2.0  | 0.0.0.0  | 255.255.255.0 |   enp0s3  |   U   |
[[0;32m  OK  [0m] Started Clean PHP session files every 30 mins.
[   32.176431] cloud-init[954]: ci-info: +-------+-------------+----------+---------------+-----------+-------+
[[0;32m  OK  [0m] Started Daily apt download activities.
[[0;32m  OK  [0m] Listening on D-Bus System Message Bus Socket.
[[0;32m  OK  [0m] Started ACPI Events Check.
[[0;32m  OK  [0m] Reached target Paths.
[[0;32m  OK  [0m] Listening on ACPID Listen Socket.
         Starting Socket activation for snappy daemon.
[[0;32m  OK  [0m] Started Daily apt upgrade and clean activities.
         Starting LXD - unix socket.
[[0;32m  OK  [0m] Listening on UUID daemon activation socket.
[[0;32m  OK  [0m] Started Daily Cleanup of Temporary Directories.
[[0;32m  OK  [0m] Reached target Timers.
[[0;32m  OK  [0m] Reached target Network is Online.
         Starting iSCSI initiator daemon (iscsid)...
[[0;32m  OK  [0m] Listening on Socket activation for snappy daemon.
[[0;32m  OK  [0m] Listening on LXD - unix socket.
[[0;32m  OK  [0m] Reached target Sockets.
[[0;32m  OK  [0m] Reached target Basic System.
         Starting Accounts Service...
         Starting Apply the settings specified in cloud-config...
         Starting /etc/rc.local Compatibility...
[[0;32m  OK  [0m] Started FUSE filesystem for LXC.
[[0;32m  OK  [0m] Started Unattended Upgrades Shutdown.
[[0;32m  OK  [0m] Started Deferred execution scheduler.
         Starting System Logging Service...
         Starting Login Service...
         Starting LSB: Record successful boot for GRUB...
         Starting LXD - container startup/shutdown...
         Starting The PHP 7.2 FastCGI Process Manager...
[[0;32m  OK  [0m] Started ACPI event daemon.
         Starting Snappy daemon...
[[0;32m  OK  [0m] Started D-Bus System Message Bus.
[   33.947310] cloud-init[1004]: Cloud-init v. 18.2 running 'modules:config' at Thu, 09 Aug 2018 17:24:00 +0000. Up 33.10 seconds.
         Starting OpenBSD Secure Shell server...
         Starting LSB: MD monitoring daemon...
         Starting Virtualbox guest utils...
[[0;32m  OK  [0m] Started Regular background program processing daemon.
         Starting A high performance web server and a reverse proxy server...
[[0;32m  OK  [0m] Started System Logging Service.
[[0;32m  OK  [0m] Started Apply the settings specified in cloud-config.
[[0;32m  OK  [0m] Started /etc/rc.local Compatibility.
[[0;32m  OK  [0m] Started Login Service.
[[0;32m  OK  [0m] Started iSCSI initiator daemon (iscsid).
         Starting Login to default iSCSI targets...
         Starting Authenticate and Authorize Users to Run Privileged Tasks...
[[0;32m  OK  [0m] Started LSB: Record successful boot for GRUB.
[[0;32m  OK  [0m] Started LSB: MD monitoring daemon.
[[0;32m  OK  [0m] Started Authenticate and Authorize Users to Run Privileged Tasks.
[[0;32m  OK  [0m] Started Login to default iSCSI targets.
[[0;32m  OK  [0m] Started Accounts Service.
[[0;32m  OK  [0m] Reached target Remote File Systems (Pre).
[[0;32m  OK  [0m] Reached target Remote File Systems.
         Starting Permit User Sessions...
         Starting LSB: daemon to balance interrupts for SMP systems...
         Starting LSB: automatic crash report generation...
         Starting LSB: Set the CPU Frequency Scaling governor to "ondemand"...
[[0;32m  OK  [0m] Started Permit User Sessions.
[[0;32m  OK  [0m] Started OpenBSD Secure Shell server.
[[0;32m  OK  [0m] Started Virtualbox guest utils.
         Starting Terminate Plymouth Boot Screen...
         Starting Hold until boot process finishes up...
[[0;32m  OK  [0m] Started LSB: Set the CPU Frequency Scaling governor to "ondemand".
[[0;32m  OK  [0m] Started Terminate Plymouth Boot Screen.
[[0;32m  OK  [0m] Started LSB: daemon to balance interrupts for SMP systems.
[[0;32m  OK  [0m] Started LSB: automatic crash report generation.
[[0;32m  OK  [0m] Started Hold until boot process finishes up.
         Starting Set console scheme...
[[0;32m  OK  [0m] Started Getty on tty1.
[[0;32m  OK  [0m] Started Serial Getty on ttyS0.
[[0;32m  OK  [0m] Reached target Login Prompts.
[[0;32m  OK  [0m] Started Set console scheme.
[[0;32m  OK  [0m] Created slice User Slice of vagrant.
         Starting User Manager for UID 1000...
[[0;32m  OK  [0m] Started Session 1 of user vagrant.
[[0;32m  OK  [0m] Started LXD - container startup/shutdown.
[[0;32m  OK  [0m] Started User Manager for UID 1000.
[[0;32m  OK  [0m] Started Snappy daemon.
         Starting Wait until snapd is fully seeded...
[[0;32m  OK  [0m] Started A high performance web server and a reverse proxy server.
[[0;32m  OK  [0m] Started Wait until snapd is fully seeded.
[[0;32m  OK  [0m] Started The PHP 7.2 FastCGI Process Manager.
[[0;32m  OK  [0m] Reached target Multi-User System.
         Starting Execute cloud user/final scripts...
[[0;32m  OK  [0m] Reached target Graphical Interface.
         Starting Update UTMP about System Runlevel Changes...
[[0;32m  OK  [0m] Started Update UTMP about System Runlevel Changes.
[   41.179370] cloud-init[1283]: Cloud-init v. 18.2 running 'modules:final' at Thu, 09 Aug 2018 17:24:07 +0000. Up 40.83 seconds.
[   41.252079] cloud-init[1283]: Cloud-init v. 18.2 finished at Thu, 09 Aug 2018 17:24:08 +0000. Datasource DataSourceNoCloud [seed=/dev/sdb][dsmode=net].  Up 41.16 seconds

Ubuntu 16.04.5 LTS ubuntu-xenial ttyS0

ubuntu-xenial login: 